
D:\BlackOS\school\SchoolApp\android>if "Windows_NT" == "Windows_NT" setlocal

D:\BlackOS\school\SchoolApp\android>set DIRNAME=D:\BlackOS\school\SchoolApp\android\ 

D:\BlackOS\school\SchoolApp\android>if "D:\BlackOS\school\SchoolApp\android\" == "" set DIRNAME=. 

D:\BlackOS\school\SchoolApp\android>set APP_BASE_NAME=gradlew 

D:\BlackOS\school\SchoolApp\android>set APP_HOME=D:\BlackOS\school\SchoolApp\android\ 

D:\BlackOS\school\SchoolApp\android>for %i in ("D:\BlackOS\school\SchoolApp\android\") do set APP_HOME=%~fi 

D:\BlackOS\school\SchoolApp\android>set APP_HOME=D:\BlackOS\school\SchoolApp\android\ 

D:\BlackOS\school\SchoolApp\android>set DEFAULT_JVM_OPTS="-Xmx64m" "-Xms64m" 

D:\BlackOS\school\SchoolApp\android>if defined JAVA_HOME goto findJavaFromJavaHome 

D:\BlackOS\school\SchoolApp\android>set JAVA_EXE=java.exe 

D:\BlackOS\school\SchoolApp\android>java.exe -version  1>NUL 2>&1 

D:\BlackOS\school\SchoolApp\android>if 0 EQU 0 goto execute 

D:\BlackOS\school\SchoolApp\android>set CLASSPATH= 

D:\BlackOS\school\SchoolApp\android>"java.exe" "-Xmx64m" "-Xms64m"   "-Dorg.gradle.appname=gradlew" -classpath "" -jar "D:\BlackOS\school\SchoolApp\android\\gradle\wrapper\gradle-wrapper.jar" assembleRelease --no-daemon --console=plain 
To honour the JVM settings for this build a single-use Daemon process will be forked. For more on this, please refer to https://docs.gradle.org/9.0.0/userguide/gradle_daemon.html#sec:disabling_the_daemon in the Gradle documentation.
Daemon will be stopped at the end of the build 
> Task :gradle-plugin:settings-plugin:checkKotlinGradlePluginConfigurationErrors SKIPPED
> Task :gradle-plugin:shared:checkKotlinGradlePluginConfigurationErrors SKIPPED
> Task :gradle-plugin:shared:compileKotlin UP-TO-DATE
> Task :gradle-plugin:shared:compileJava NO-SOURCE
> Task :gradle-plugin:shared:processResources NO-SOURCE
> Task :gradle-plugin:shared:classes UP-TO-DATE
> Task :gradle-plugin:shared:jar UP-TO-DATE
> Task :gradle-plugin:settings-plugin:compileKotlin UP-TO-DATE
> Task :gradle-plugin:settings-plugin:compileJava NO-SOURCE
> Task :gradle-plugin:settings-plugin:pluginDescriptors UP-TO-DATE
> Task :gradle-plugin:settings-plugin:processResources UP-TO-DATE
> Task :gradle-plugin:settings-plugin:classes UP-TO-DATE
> Task :gradle-plugin:settings-plugin:jar UP-TO-DATE
> Task :gradle-plugin:react-native-gradle-plugin:checkKotlinGradlePluginConfigurationErrors SKIPPED
> Task :gradle-plugin:react-native-gradle-plugin:compileKotlin UP-TO-DATE
> Task :gradle-plugin:react-native-gradle-plugin:compileJava NO-SOURCE
> Task :gradle-plugin:react-native-gradle-plugin:pluginDescriptors UP-TO-DATE
> Task :gradle-plugin:react-native-gradle-plugin:processResources UP-TO-DATE
> Task :gradle-plugin:react-native-gradle-plugin:classes UP-TO-DATE
> Task :gradle-plugin:react-native-gradle-plugin:jar UP-TO-DATE

> Configure project :app

=============== JavaScriptCore is being moved ===============
JavaScriptCore has been extracted from react-native core
and will be removed in a future release. It can now be
installed from `@react-native-community/javascriptcore`
See: https://github.com/react-native-community/javascriptcore
=============================================================


> Configure project :react-native-firebase_app
:react-native-firebase_app package.json found at D:\BlackOS\school\SchoolApp\node_modules\@react-native-firebase\app\package.json
:react-native-firebase_app:firebase.bom using default value: 34.8.0
:react-native-firebase_app:play.play-services-auth using default value: 21.4.0
:react-native-firebase_app package.json found at D:\BlackOS\school\SchoolApp\node_modules\@react-native-firebase\app\package.json
:react-native-firebase_app:version set from package.json: 23.8.6 (23,8,6 - 23008006)
:react-native-firebase_app:android.compileSdk using custom value: 36
:react-native-firebase_app:android.targetSdk using custom value: 36
:react-native-firebase_app:android.minSdk using custom value: 24
:react-native-firebase_app:reactNativeAndroidDir D:\BlackOS\school\SchoolApp\node_modules\react-native

> Configure project :react-native-firebase_messaging
:react-native-firebase_messaging package.json found at D:\BlackOS\school\SchoolApp\node_modules\@react-native-firebase\messaging\package.json
:react-native-firebase_app package.json found at D:\BlackOS\school\SchoolApp\node_modules\@react-native-firebase\app\package.json
:react-native-firebase_messaging:firebase.bom using default value: 34.8.0
:react-native-firebase_messaging package.json found at D:\BlackOS\school\SchoolApp\node_modules\@react-native-firebase\messaging\package.json
:react-native-firebase_messaging:version set from package.json: 23.8.6 (23,8,6 - 23008006)
:react-native-firebase_messaging:android.compileSdk using custom value: 36
:react-native-firebase_messaging:android.targetSdk using custom value: 36
:react-native-firebase_messaging:android.minSdk using custom value: 24
:react-native-firebase_messaging:reactNativeAndroidDir D:\BlackOS\school\SchoolApp\node_modules\react-native

> Task :app:generateAutolinkingNewArchitectureFiles UP-TO-DATE
> Task :app:generateAutolinkingPackageList UP-TO-DATE
> Task :app:generateCodegenSchemaFromJavaScript SKIPPED
> Task :app:generateCodegenArtifactsFromSchema SKIPPED
> Task :app:generateReactNativeEntryPoint UP-TO-DATE
> Task :app:removeStaleSourceBundles
> Task :react-native-community_datetimepicker:generateCodegenSchemaFromJavaScript UP-TO-DATE
> Task :react-native-community_datetimepicker:generateCodegenArtifactsFromSchema UP-TO-DATE
> Task :react-native-community_datetimepicker:preBuild UP-TO-DATE
> Task :react-native-documents_picker:generateCodegenSchemaFromJavaScript UP-TO-DATE
> Task :react-native-documents_picker:generateCodegenArtifactsFromSchema UP-TO-DATE
> Task :react-native-documents_picker:preBuild UP-TO-DATE
> Task :react-native-firebase_app:preBuild UP-TO-DATE
> Task :react-native-firebase_messaging:preBuild UP-TO-DATE
> Task :react-native-fs:preBuild UP-TO-DATE
> Task :react-native-safe-area-context:generateCodegenSchemaFromJavaScript UP-TO-DATE
> Task :react-native-safe-area-context:generateCodegenArtifactsFromSchema UP-TO-DATE
> Task :react-native-safe-area-context:preBuild UP-TO-DATE
> Task :react-native-screens:generateCodegenSchemaFromJavaScript UP-TO-DATE
> Task :react-native-screens:generateCodegenArtifactsFromSchema UP-TO-DATE
> Task :react-native-screens:preBuild UP-TO-DATE
> Task :app:preBuild
> Task :app:preReleaseBuild
> Task :app:configureCMakeRelWithDebInfo[arm64-v8a]
> Task :app:buildCMakeRelWithDebInfo[arm64-v8a]
C/C++: Hard link from 'C:\Users\hp\.gradle\caches\9.0.0\transforms\47ad53bb3f0c545bf95db231989cd14b\transformed\react-android-0.84.0-release\prefab\modules\reactnative\libs\android.arm64-v8a\libreactnative.so' to 'D:\BlackOS\school\SchoolApp\android\app\build\intermediates\cxx\RelWithDebInfo\6g393e6w\obj\arm64-v8a\libreactnative.so' failed. Doing a slower copy instead.
C/C++: Hard link from 'C:\Users\hp\.gradle\caches\9.0.0\transforms\47ad53bb3f0c545bf95db231989cd14b\transformed\react-android-0.84.0-release\prefab\modules\reactnative\libs\android.arm64-v8a\libreactnative.so' to 'D:\BlackOS\school\SchoolApp\android\app\build\intermediates\cxx\RelWithDebInfo\6g393e6w\obj\arm64-v8a\libreactnative.so' failed. Doing a slower copy instead.

> Task :app:configureCMakeRelWithDebInfo[armeabi-v7a]
> Task :app:buildCMakeRelWithDebInfo[armeabi-v7a]
C/C++: Hard link from 'C:\Users\hp\.gradle\caches\9.0.0\transforms\47ad53bb3f0c545bf95db231989cd14b\transformed\react-android-0.84.0-release\prefab\modules\reactnative\libs\android.armeabi-v7a\libreactnative.so' to 'D:\BlackOS\school\SchoolApp\android\app\build\intermediates\cxx\RelWithDebInfo\6g393e6w\obj\armeabi-v7a\libreactnative.so' failed. Doing a slower copy instead.
C/C++: Hard link from 'C:\Users\hp\.gradle\caches\9.0.0\transforms\47ad53bb3f0c545bf95db231989cd14b\transformed\react-android-0.84.0-release\prefab\modules\reactnative\libs\android.armeabi-v7a\libreactnative.so' to 'D:\BlackOS\school\SchoolApp\android\app\build\intermediates\cxx\RelWithDebInfo\6g393e6w\obj\armeabi-v7a\libreactnative.so' failed. Doing a slower copy instead.

> Task :app:configureCMakeRelWithDebInfo[x86]

> Task :app:buildCMakeRelWithDebInfo[x86]
C/C++: -- GLOB mismatch!

> Task :app:configureCMakeRelWithDebInfo[x86_64]
> Task :app:buildCMakeRelWithDebInfo[x86_64]
C/C++: Hard link from 'C:\Users\hp\.gradle\caches\9.0.0\transforms\47ad53bb3f0c545bf95db231989cd14b\transformed\react-android-0.84.0-release\prefab\modules\reactnative\libs\android.x86_64\libreactnative.so' to 'D:\BlackOS\school\SchoolApp\android\app\build\intermediates\cxx\RelWithDebInfo\6g393e6w\obj\x86_64\libreactnative.so' failed. Doing a slower copy instead.
C/C++: Hard link from 'C:\Users\hp\.gradle\caches\9.0.0\transforms\47ad53bb3f0c545bf95db231989cd14b\transformed\react-android-0.84.0-release\prefab\modules\reactnative\libs\android.x86_64\libreactnative.so' to 'D:\BlackOS\school\SchoolApp\android\app\build\intermediates\cxx\RelWithDebInfo\6g393e6w\obj\x86_64\libreactnative.so' failed. Doing a slower copy instead.

> Task :app:mergeReleaseJniLibFolders
> Task :react-native-community_datetimepicker:preReleaseBuild UP-TO-DATE
> Task :react-native-community_datetimepicker:mergeReleaseJniLibFolders
> Task :react-native-community_datetimepicker:mergeReleaseNativeLibs NO-SOURCE
> Task :react-native-documents_picker:preReleaseBuild UP-TO-DATE
> Task :react-native-community_datetimepicker:copyReleaseJniLibsProjectOnly
> Task :react-native-documents_picker:mergeReleaseJniLibFolders
> Task :react-native-documents_picker:mergeReleaseNativeLibs NO-SOURCE
> Task :react-native-firebase_app:preReleaseBuild UP-TO-DATE
> Task :react-native-documents_picker:copyReleaseJniLibsProjectOnly
> Task :react-native-firebase_app:mergeReleaseJniLibFolders
> Task :react-native-firebase_app:mergeReleaseNativeLibs NO-SOURCE
> Task :react-native-firebase_messaging:preReleaseBuild UP-TO-DATE
> Task :react-native-firebase_app:copyReleaseJniLibsProjectOnly
> Task :react-native-firebase_messaging:mergeReleaseJniLibFolders
> Task :react-native-firebase_messaging:mergeReleaseNativeLibs NO-SOURCE
> Task :react-native-fs:preReleaseBuild UP-TO-DATE
> Task :react-native-firebase_messaging:copyReleaseJniLibsProjectOnly
> Task :react-native-fs:mergeReleaseJniLibFolders
> Task :react-native-fs:mergeReleaseNativeLibs NO-SOURCE
> Task :react-native-safe-area-context:preReleaseBuild UP-TO-DATE
> Task :react-native-fs:copyReleaseJniLibsProjectOnly
> Task :react-native-safe-area-context:mergeReleaseJniLibFolders
> Task :react-native-safe-area-context:mergeReleaseNativeLibs NO-SOURCE
> Task :react-native-screens:preReleaseBuild UP-TO-DATE
> Task :react-native-safe-area-context:copyReleaseJniLibsProjectOnly
> Task :react-native-screens:configureCMakeRelWithDebInfo[arm64-v8a]

> Task :react-native-screens:buildCMakeRelWithDebInfo[arm64-v8a]
C/C++: Hard link from 'C:\Users\hp\.gradle\caches\9.0.0\transforms\47ad53bb3f0c545bf95db231989cd14b\transformed\react-android-0.84.0-release\prefab\modules\reactnative\libs\android.arm64-v8a\libreactnative.so' to 'D:\BlackOS\school\SchoolApp\node_modules\react-native-screens\android\build\intermediates\cxx\RelWithDebInfo\6z165454\obj\arm64-v8a\libreactnative.so' failed. Doing a slower copy instead.
C/C++: Hard link from 'C:\Users\hp\.gradle\caches\9.0.0\transforms\47ad53bb3f0c545bf95db231989cd14b\transformed\react-android-0.84.0-release\prefab\modules\reactnative\libs\android.arm64-v8a\libreactnative.so' to 'D:\BlackOS\school\SchoolApp\node_modules\react-native-screens\android\build\intermediates\cxx\RelWithDebInfo\6z165454\obj\arm64-v8a\libreactnative.so' failed. Doing a slower copy instead.

> Task :react-native-screens:configureCMakeRelWithDebInfo[armeabi-v7a]

> Task :react-native-screens:buildCMakeRelWithDebInfo[armeabi-v7a]
C/C++: Hard link from 'C:\Users\hp\.gradle\caches\9.0.0\transforms\47ad53bb3f0c545bf95db231989cd14b\transformed\react-android-0.84.0-release\prefab\modules\reactnative\libs\android.armeabi-v7a\libreactnative.so' to 'D:\BlackOS\school\SchoolApp\node_modules\react-native-screens\android\build\intermediates\cxx\RelWithDebInfo\6z165454\obj\armeabi-v7a\libreactnative.so' failed. Doing a slower copy instead.
C/C++: Hard link from 'C:\Users\hp\.gradle\caches\9.0.0\transforms\47ad53bb3f0c545bf95db231989cd14b\transformed\react-android-0.84.0-release\prefab\modules\reactnative\libs\android.armeabi-v7a\libreactnative.so' to 'D:\BlackOS\school\SchoolApp\node_modules\react-native-screens\android\build\intermediates\cxx\RelWithDebInfo\6z165454\obj\armeabi-v7a\libreactnative.so' failed. Doing a slower copy instead.

> Task :react-native-screens:configureCMakeRelWithDebInfo[x86]
> Task :react-native-screens:buildCMakeRelWithDebInfo[x86]
> Task :react-native-screens:configureCMakeRelWithDebInfo[x86_64]

> Task :react-native-screens:buildCMakeRelWithDebInfo[x86_64]
C/C++: Hard link from 'C:\Users\hp\.gradle\caches\9.0.0\transforms\47ad53bb3f0c545bf95db231989cd14b\transformed\react-android-0.84.0-release\prefab\modules\reactnative\libs\android.x86_64\libreactnative.so' to 'D:\BlackOS\school\SchoolApp\node_modules\react-native-screens\android\build\intermediates\cxx\RelWithDebInfo\6z165454\obj\x86_64\libreactnative.so' failed. Doing a slower copy instead.
C/C++: Hard link from 'C:\Users\hp\.gradle\caches\9.0.0\transforms\47ad53bb3f0c545bf95db231989cd14b\transformed\react-android-0.84.0-release\prefab\modules\reactnative\libs\android.x86_64\libreactnative.so' to 'D:\BlackOS\school\SchoolApp\node_modules\react-native-screens\android\build\intermediates\cxx\RelWithDebInfo\6z165454\obj\x86_64\libreactnative.so' failed. Doing a slower copy instead.

> Task :react-native-screens:mergeReleaseJniLibFolders
> Task :react-native-community_datetimepicker:checkKotlinGradlePluginConfigurationErrors SKIPPED
> Task :react-native-community_datetimepicker:generateReleaseBuildConfig
> Task :react-native-community_datetimepicker:generateReleaseResValues
> Task :react-native-community_datetimepicker:generateReleaseResources
> Task :react-native-screens:mergeReleaseNativeLibs
> Task :react-native-community_datetimepicker:packageReleaseResources
> Task :react-native-screens:copyReleaseJniLibsProjectOnly
> Task :react-native-community_datetimepicker:javaPreCompileRelease
> Task :react-native-community_datetimepicker:parseReleaseLocalResources
> Task :react-native-documents_picker:checkKotlinGradlePluginConfigurationErrors SKIPPED
> Task :react-native-documents_picker:generateReleaseBuildConfig
> Task :react-native-documents_picker:generateReleaseResValues
> Task :react-native-documents_picker:generateReleaseResources
> Task :react-native-documents_picker:packageReleaseResources
> Task :react-native-safe-area-context:checkKotlinGradlePluginConfigurationErrors SKIPPED
> Task :react-native-documents_picker:javaPreCompileRelease
> Task :react-native-documents_picker:parseReleaseLocalResources
> Task :react-native-safe-area-context:generateReleaseBuildConfig
> Task :react-native-community_datetimepicker:generateReleaseRFile
> Task :react-native-documents_picker:generateReleaseRFile
> Task :react-native-safe-area-context:generateReleaseResValues
> Task :react-native-safe-area-context:generateReleaseResources
> Task :react-native-safe-area-context:packageReleaseResources
> Task :react-native-screens:checkKotlinGradlePluginConfigurationErrors SKIPPED
> Task :react-native-safe-area-context:javaPreCompileRelease
> Task :react-native-safe-area-context:parseReleaseLocalResources
> Task :react-native-screens:generateReleaseBuildConfig
> Task :react-native-screens:generateReleaseResValues
> Task :react-native-safe-area-context:generateReleaseRFile
> Task :react-native-screens:generateReleaseResources
> Task :react-native-screens:packageReleaseResources
> Task :react-native-screens:javaPreCompileRelease
> Task :react-native-firebase_app:generateReleaseBuildConfig
> Task :react-native-firebase_app:generateReleaseResValues
> Task :react-native-screens:parseReleaseLocalResources
> Task :react-native-firebase_app:generateReleaseResources
> Task :react-native-screens:generateReleaseRFile
> Task :react-native-firebase_app:packageReleaseResources
> Task :app:mergeReleaseNativeLibs
> Task :react-native-firebase_app:javaPreCompileRelease
> Task :react-native-firebase_app:parseReleaseLocalResources
> Task :react-native-firebase_messaging:generateReleaseBuildConfig
> Task :react-native-firebase_messaging:generateReleaseResValues
> Task :react-native-firebase_messaging:generateReleaseResources
> Task :react-native-firebase_messaging:packageReleaseResources
> Task :react-native-fs:generateReleaseBuildConfig
> Task :react-native-fs:generateReleaseResValues
> Task :react-native-fs:generateReleaseResources
> Task :react-native-fs:packageReleaseResources
> Task :react-native-firebase_messaging:javaPreCompileRelease
> Task :react-native-fs:parseReleaseLocalResources
> Task :react-native-firebase_app:generateReleaseRFile
> Task :react-native-fs:javaPreCompileRelease
> Task :react-native-firebase_messaging:parseReleaseLocalResources
> Task :app:stripReleaseDebugSymbols

> Task :react-native-firebase_app:compileReleaseJavaWithJavac

> Task :react-native-firebase_app:bundleLibRuntimeToDirRelease
> Task :react-native-firebase_app:bundleLibCompileToJarRelease
> Task :react-native-firebase_messaging:generateReleaseRFile
> Task :react-native-fs:generateReleaseRFile
> Task :app:extractReleaseNativeSymbolTables
> Task :app:checkReleaseDuplicateClasses
> Task :react-native-community_datetimepicker:compileReleaseKotlin

> Task :react-native-firebase_messaging:compileReleaseJavaWithJavac

> Task :react-native-firebase_messaging:bundleLibRuntimeToDirRelease
> Task :react-native-documents_picker:compileReleaseKotlin
> Task :react-native-safe-area-context:compileReleaseKotlin
> Task :react-native-screens:compileReleaseKotlin

> Task :react-native-fs:compileReleaseJavaWithJavac

> Task :react-native-fs:bundleLibRuntimeToDirRelease
> Task :app:buildKotlinToolingMetadata
> Task :app:checkKotlinGradlePluginConfigurationErrors SKIPPED
> Task :app:generateReleaseBuildConfig
> Task :react-native-firebase_app:writeReleaseAarMetadata
> Task :react-native-community_datetimepicker:writeReleaseAarMetadata
> Task :react-native-documents_picker:writeReleaseAarMetadata
> Task :react-native-firebase_messaging:writeReleaseAarMetadata
> Task :react-native-fs:writeReleaseAarMetadata
> Task :react-native-safe-area-context:writeReleaseAarMetadata
> Task :react-native-screens:writeReleaseAarMetadata
> Task :app:checkReleaseAarMetadata
> Task :app:mergeReleaseNativeDebugMetadata

> Task :app:createBundleReleaseJsAndAssets

                        ▒▒▓▓▓▓▒▒
                     ▒▓▓▓▒▒░░▒▒▓▓▓▒
                  ▒▓▓▓▓░░░▒▒▒▒░░░▓▓▓▓▒
                 ▓▓▒▒▒▓▓▓▓▓▓▓▓▓▓▓▓▒▒▒▓▓
                 ▓▓░░░░░▒▓▓▓▓▓▓▒░░░░░▓▓
                 ▓▓░░▓▓▒░░░▒▒░░░▒▓▒░░▓▓
                 ▓▓░░▓▓▓▓▓▒▒▒▒▓▓▓▓▒░░▓▓
                 ▓▓░░▓▓▓▓▓▓▓▓▓▓▓▓▓▒░░▓▓
                 ▓▓▒░░▒▒▓▓▓▓▓▓▓▓▒░░░▒▓▓
                  ▒▓▓▓▒░░░▒▓▓▒░░░▒▓▓▓▒
                     ▒▓▓▓▒░░░░▒▓▓▓▒
                        ▒▒▓▓▓▓▒▒


 WARN  the transform cache was reset.
                Welcome to Metro v0.83.5
              Fast - Scalable - Integrated



> Task :react-native-safe-area-context:compileReleaseKotlin
w: file:///D:/BlackOS/school/SchoolApp/node_modules/react-native-safe-area-context/android/src/main/java/com/th3rdwave/safeareacontext/SafeAreaView.kt:9:8 'class UIManagerModule : ReactContextBaseJavaModule, LifecycleEventListener, UIManager' is deprecated. Deprecated in Java.
w: file:///D:/BlackOS/school/SchoolApp/node_modules/react-native-safe-area-context/android/src/main/java/com/th3rdwave/safeareacontext/SafeAreaView.kt:50:54 'class UIManagerModule : ReactContextBaseJavaModule, LifecycleEventListener, UIManager' is deprecated. Deprecated in Java.
w: file:///D:/BlackOS/school/SchoolApp/node_modules/react-native-safe-area-context/android/src/main/java/com/th3rdwave/safeareacontext/SafeAreaView.kt:59:23 'val uiImplementation: UIImplementation!' is deprecated. Deprecated in Java.
w: file:///D:/BlackOS/school/SchoolApp/node_modules/react-native-safe-area-context/android/src/main/java/com/th3rdwave/safeareacontext/SafeAreaViewShadowNode.kt:9:32 'class LayoutShadowNode : ReactShadowNodeImpl' is deprecated. Deprecated in Java.
w: file:///D:/BlackOS/school/SchoolApp/node_modules/react-native-safe-area-context/android/src/main/java/com/th3rdwave/safeareacontext/SafeAreaViewShadowNode.kt:110:61 'class NativeViewHierarchyOptimizer : Any' is deprecated. Deprecated in Java.

> Task :app:createBundleReleaseJsAndAssets
LOG:Writing bundle output to: android\app\build\generated\assets\react\release\index.android.bundle
LOG:Writing sourcemap output to: android\app\build\generated\sourcemaps\react\release\index.android.bundle.map
LOG:Done writing bundle output
LOG:Done writing sourcemap output
Copying 1 asset files
Done copying assets

> Task :react-native-community_datetimepicker:compileReleaseJavaWithJavac

> Task :react-native-community_datetimepicker:bundleLibRuntimeToDirRelease
> Task :react-native-documents_picker:compileReleaseJavaWithJavac
> Task :react-native-documents_picker:bundleLibRuntimeToDirRelease
> Task :react-native-safe-area-context:compileReleaseJavaWithJavac
> Task :app:generateReleaseResValues
> Task :app:processReleaseGoogleServices
> Task :react-native-safe-area-context:bundleLibRuntimeToDirRelease
> Task :app:mapReleaseSourceSetPaths
> Task :app:generateReleaseResources

> Task :react-native-screens:compileReleaseKotlin
w: file:///D:/BlackOS/school/SchoolApp/node_modules/react-native-screens/android/src/main/java/com/swmansion/rnscreens/RNScreensPackage.kt:62:9 The corresponding parameter in the supertype 'BaseReactPackage' is named 'name'. This may cause problems when calling this function with named arguments.
w: file:///D:/BlackOS/school/SchoolApp/node_modules/react-native-screens/android/src/main/java/com/swmansion/rnscreens/RNScreensPackage.kt:63:9 The corresponding parameter in the supertype 'BaseReactPackage' is named 'reactContext'. This may cause problems when calling this function with named arguments.
w: file:///D:/BlackOS/school/SchoolApp/node_modules/react-native-screens/android/src/main/java/com/swmansion/rnscreens/RNScreensPackage.kt:76:17 'constructor(name: String, className: String, canOverrideExistingModule: Boolean, needsEagerInit: Boolean, hasConstants: Boolean, isCxxModule: Boolean, isTurboModule: Boolean): ReactModuleInfo' is deprecated. This constructor is deprecated and will be removed in the future. Use ReactModuleInfo(String, String, boolean, boolean, boolean, boolean)].
w: file:///D:/BlackOS/school/SchoolApp/node_modules/react-native-screens/android/src/main/java/com/swmansion/rnscreens/Screen.kt:26:8 'class UIManagerModule : ReactContextBaseJavaModule, LifecycleEventListener, UIManager' is deprecated. Deprecated in Java.
w: file:///D:/BlackOS/school/SchoolApp/node_modules/react-native-screens/android/src/main/java/com/swmansion/rnscreens/Screen.kt:56:77 Unchecked cast of '(CoordinatorLayout.Behavior<View!>?..CoordinatorLayout.Behavior<*>?)' to 'BottomSheetBehavior<Screen>'.
w: file:///D:/BlackOS/school/SchoolApp/node_modules/react-native-screens/android/src/main/java/com/swmansion/rnscreens/Screen.kt:428:42 'class UIManagerModule : ReactContextBaseJavaModule, LifecycleEventListener, UIManager' is deprecated. Deprecated in Java.
w: file:///D:/BlackOS/school/SchoolApp/node_modules/react-native-screens/android/src/main/java/com/swmansion/rnscreens/ScreenContainerViewManager.kt:6:8 'class LayoutShadowNode : ReactShadowNodeImpl' is deprecated. Deprecated in Java.
w: file:///D:/BlackOS/school/SchoolApp/node_modules/react-native-screens/android/src/main/java/com/swmansion/rnscreens/ScreenContainerViewManager.kt:56:78 'class LayoutShadowNode : ReactShadowNodeImpl' is deprecated. Deprecated in Java.
w: file:///D:/BlackOS/school/SchoolApp/node_modules/react-native-screens/android/src/main/java/com/swmansion/rnscreens/ScreenStackFragment.kt:222:31 'var targetElevation: Float' is deprecated. Deprecated in Java.
w: file:///D:/BlackOS/school/SchoolApp/node_modules/react-native-screens/android/src/main/java/com/swmansion/rnscreens/ScreenStackFragment.kt:225:13 'fun setHasOptionsMenu(p0: Boolean): Unit' is deprecated. Deprecated in Java.
w: file:///D:/BlackOS/school/SchoolApp/node_modules/react-native-screens/android/src/main/java/com/swmansion/rnscreens/ScreenStackFragment.kt:404:18 This declaration overrides a deprecated member but is not marked as deprecated itself. Add the '@Deprecated' annotation or suppress the diagnostic.
w: file:///D:/BlackOS/school/SchoolApp/node_modules/react-native-screens/android/src/main/java/com/swmansion/rnscreens/ScreenStackFragment.kt:411:22 'fun onPrepareOptionsMenu(p0: Menu): Unit' is deprecated. Deprecated in Java.
w: file:///D:/BlackOS/school/SchoolApp/node_modules/react-native-screens/android/src/main/java/com/swmansion/rnscreens/ScreenStackFragment.kt:414:18 This declaration overrides a deprecated member but is not marked as deprecated itself. Add the '@Deprecated' annotation or suppress the diagnostic.
w: file:///D:/BlackOS/school/SchoolApp/node_modules/react-native-screens/android/src/main/java/com/swmansion/rnscreens/ScreenStackFragment.kt:419:22 'fun onCreateOptionsMenu(p0: Menu, p1: MenuInflater): Unit' is deprecated. Deprecated in Java.
w: file:///D:/BlackOS/school/SchoolApp/node_modules/react-native-screens/android/src/main/java/com/swmansion/rnscreens/ScreenStackHeaderConfig.kt:441:22 'val reactNativeHost: ReactNativeHost' is deprecated. You should not use ReactNativeHost directly in the New Architecture. Use ReactHost instead.
w: file:///D:/BlackOS/school/SchoolApp/node_modules/react-native-screens/android/src/main/java/com/swmansion/rnscreens/ScreenStackHeaderConfigShadowNode.kt:4:8 'class LayoutShadowNode : ReactShadowNodeImpl' is deprecated. Deprecated in Java.
w: file:///D:/BlackOS/school/SchoolApp/node_modules/react-native-screens/android/src/main/java/com/swmansion/rnscreens/ScreenStackHeaderConfigShadowNode.kt:10:5 'class LayoutShadowNode : ReactShadowNodeImpl' is deprecated. Deprecated in Java.
w: file:///D:/BlackOS/school/SchoolApp/node_modules/react-native-screens/android/src/main/java/com/swmansion/rnscreens/ScreenStackHeaderConfigViewManager.kt:9:8 'class LayoutShadowNode : ReactShadowNodeImpl' is deprecated. Deprecated in Java.
w: file:///D:/BlackOS/school/SchoolApp/node_modules/react-native-screens/android/src/main/java/com/swmansion/rnscreens/ScreenStackHeaderConfigViewManager.kt:37:78 'class LayoutShadowNode : ReactShadowNodeImpl' is deprecated. Deprecated in Java.
w: file:///D:/BlackOS/school/SchoolApp/node_modules/react-native-screens/android/src/main/java/com/swmansion/rnscreens/ScreenStackViewManager.kt:6:8 'class LayoutShadowNode : ReactShadowNodeImpl' is deprecated. Deprecated in Java.
w: file:///D:/BlackOS/school/SchoolApp/node_modules/react-native-screens/android/src/main/java/com/swmansion/rnscreens/ScreenStackViewManager.kt:65:78 'class LayoutShadowNode : ReactShadowNodeImpl' is deprecated. Deprecated in Java.
w: file:///D:/BlackOS/school/SchoolApp/node_modules/react-native-screens/android/src/main/java/com/swmansion/rnscreens/ScreenWindowTraits.kt:48:42 'fun replaceSystemWindowInsets(p0: Int, p1: Int, p2: Int, p3: Int): @NonNull() WindowInsetsCompat' is deprecated. Deprecated in Java.
w: file:///D:/BlackOS/school/SchoolApp/node_modules/react-native-screens/android/src/main/java/com/swmansion/rnscreens/ScreenWindowTraits.kt:49:39 'val systemWindowInsetLeft: Int' is deprecated. Deprecated in Java.
w: file:///D:/BlackOS/school/SchoolApp/node_modules/react-native-screens/android/src/main/java/com/swmansion/rnscreens/ScreenWindowTraits.kt:51:39 'val systemWindowInsetRight: Int' is deprecated. Deprecated in Java.
w: file:///D:/BlackOS/school/SchoolApp/node_modules/react-native-screens/android/src/main/java/com/swmansion/rnscreens/ScreenWindowTraits.kt:52:39 'val systemWindowInsetBottom: Int' is deprecated. Deprecated in Java.
w: file:///D:/BlackOS/school/SchoolApp/node_modules/react-native-screens/android/src/main/java/com/swmansion/rnscreens/ScreensShadowNode.kt:4:8 'class LayoutShadowNode : ReactShadowNodeImpl' is deprecated. Deprecated in Java.
w: file:///D:/BlackOS/school/SchoolApp/node_modules/react-native-screens/android/src/main/java/com/swmansion/rnscreens/ScreensShadowNode.kt:5:8 'class NativeViewHierarchyManager : Any' is deprecated. Deprecated in Java.
w: file:///D:/BlackOS/school/SchoolApp/node_modules/react-native-screens/android/src/main/java/com/swmansion/rnscreens/ScreensShadowNode.kt:6:8 'class NativeViewHierarchyOptimizer : Any' is deprecated. Deprecated in Java.
w: file:///D:/BlackOS/school/SchoolApp/node_modules/react-native-screens/android/src/main/java/com/swmansion/rnscreens/ScreensShadowNode.kt:7:8 'class UIManagerModule : ReactContextBaseJavaModule, LifecycleEventListener, UIManager' is deprecated. Deprecated in Java.
w: file:///D:/BlackOS/school/SchoolApp/node_modules/react-native-screens/android/src/main/java/com/swmansion/rnscreens/ScreensShadowNode.kt:11:5 'class LayoutShadowNode : ReactShadowNodeImpl' is deprecated. Deprecated in Java.
w: file:///D:/BlackOS/school/SchoolApp/node_modules/react-native-screens/android/src/main/java/com/swmansion/rnscreens/ScreensShadowNode.kt:12:63 'class NativeViewHierarchyOptimizer : Any' is deprecated. Deprecated in Java.
w: file:///D:/BlackOS/school/SchoolApp/node_modules/react-native-screens/android/src/main/java/com/swmansion/rnscreens/ScreensShadowNode.kt:14:34 'class UIManagerModule : ReactContextBaseJavaModule, LifecycleEventListener, UIManager' is deprecated. Deprecated in Java.
w: file:///D:/BlackOS/school/SchoolApp/node_modules/react-native-screens/android/src/main/java/com/swmansion/rnscreens/ScreensShadowNode.kt:14:106 'class NativeViewHierarchyManager : Any' is deprecated. Deprecated in Java.
w: file:///D:/BlackOS/school/SchoolApp/node_modules/react-native-screens/android/src/main/java/com/swmansion/rnscreens/bottomsheet/BottomSheetDialogRootView.kt:7:8 'object ReactFeatureFlags : Any' is deprecated. Use com.facebook.react.internal.featureflags.ReactNativeFeatureFlags instead.
w: file:///D:/BlackOS/school/SchoolApp/node_modules/react-native-screens/android/src/main/java/com/swmansion/rnscreens/bottomsheet/BottomSheetDialogRootView.kt:25:13 'object ReactFeatureFlags : Any' is deprecated. Use com.facebook.react.internal.featureflags.ReactNativeFeatureFlags instead.
w: file:///D:/BlackOS/school/SchoolApp/node_modules/react-native-screens/android/src/main/java/com/swmansion/rnscreens/bottomsheet/BottomSheetDialogRootView.kt:32:9 The corresponding parameter in the supertype 'ReactViewGroup' is named 'left'. This may cause problems when calling this function with named arguments.
w: file:///D:/BlackOS/school/SchoolApp/node_modules/react-native-screens/android/src/main/java/com/swmansion/rnscreens/bottomsheet/BottomSheetDialogRootView.kt:33:9 The corresponding parameter in the supertype 'ReactViewGroup' is named 'top'. This may cause problems when calling this function with named arguments.
w: file:///D:/BlackOS/school/SchoolApp/node_modules/react-native-screens/android/src/main/java/com/swmansion/rnscreens/bottomsheet/BottomSheetDialogRootView.kt:34:9 The corresponding parameter in the supertype 'ReactViewGroup' is named 'right'. This may cause problems when calling this function with named arguments.
w: file:///D:/BlackOS/school/SchoolApp/node_modules/react-native-screens/android/src/main/java/com/swmansion/rnscreens/bottomsheet/BottomSheetDialogRootView.kt:35:9 The corresponding parameter in the supertype 'ReactViewGroup' is named 'bottom'. This may cause problems when calling this function with named arguments.
w: file:///D:/BlackOS/school/SchoolApp/node_modules/react-native-screens/android/src/main/java/com/swmansion/rnscreens/bottomsheet/BottomSheetDialogRootView.kt:71:9 The corresponding parameter in the supertype 'RootView' is named 'childView'. This may cause problems when calling this function with named arguments.
w: file:///D:/BlackOS/school/SchoolApp/node_modules/react-native-screens/android/src/main/java/com/swmansion/rnscreens/bottomsheet/BottomSheetDialogRootView.kt:72:9 The corresponding parameter in the supertype 'RootView' is named 'ev'. This may cause problems when calling this function with named arguments.
w: file:///D:/BlackOS/school/SchoolApp/node_modules/react-native-screens/android/src/main/java/com/swmansion/rnscreens/bottomsheet/BottomSheetDialogRootView.kt:79:46 The corresponding parameter in the supertype 'RootView' is named 'ev'. This may cause problems when calling this function with named arguments.
w: file:///D:/BlackOS/school/SchoolApp/node_modules/react-native-screens/android/src/main/java/com/swmansion/rnscreens/bottomsheet/BottomSheetDialogRootView.kt:83:9 The corresponding parameter in the supertype 'RootView' is named 'childView'. This may cause problems when calling this function with named arguments.
w: file:///D:/BlackOS/school/SchoolApp/node_modules/react-native-screens/android/src/main/java/com/swmansion/rnscreens/bottomsheet/BottomSheetDialogRootView.kt:84:9 The corresponding parameter in the supertype 'RootView' is named 'ev'. This may cause problems when calling this function with named arguments.
w: file:///D:/BlackOS/school/SchoolApp/node_modules/react-native-screens/android/src/main/java/com/swmansion/rnscreens/bottomsheet/BottomSheetDialogRootView.kt:95:34 The corresponding parameter in the supertype 'RootView' is named 't'. This may cause problems when calling this function with named arguments.
w: file:///D:/BlackOS/school/SchoolApp/node_modules/react-native-screens/android/src/main/java/com/swmansion/rnscreens/bottomsheet/DimmingView.kt:64:9 The corresponding parameter in the supertype 'ReactCompoundView' is named 'touchX'. This may cause problems when calling this function with named arguments.
w: file:///D:/BlackOS/school/SchoolApp/node_modules/react-native-screens/android/src/main/java/com/swmansion/rnscreens/bottomsheet/DimmingView.kt:65:9 The corresponding parameter in the supertype 'ReactCompoundView' is named 'touchY'. This may cause problems when calling this function with named arguments.
w: file:///D:/BlackOS/school/SchoolApp/node_modules/react-native-screens/android/src/main/java/com/swmansion/rnscreens/bottomsheet/DimmingView.kt:69:9 The corresponding parameter in the supertype 'ReactCompoundViewGroup' is named 'touchX'. This may cause problems when calling this function with named arguments.
w: file:///D:/BlackOS/school/SchoolApp/node_modules/react-native-screens/android/src/main/java/com/swmansion/rnscreens/bottomsheet/DimmingView.kt:70:9 The corresponding parameter in the supertype 'ReactCompoundViewGroup' is named 'touchY'. This may cause problems when calling this function with named arguments.
w: file:///D:/BlackOS/school/SchoolApp/node_modules/react-native-screens/android/src/main/java/com/swmansion/rnscreens/gamma/tabs/TabsHostViewManager.kt:37:9 The corresponding parameter in the supertype 'TabsHostViewManager' is named 'view'. This may cause problems when calling this function with named arguments.
w: file:///D:/BlackOS/school/SchoolApp/node_modules/react-native-screens/android/src/main/java/com/swmansion/rnscreens/safearea/SafeAreaView.kt:19:8 'class UIManagerModule : ReactContextBaseJavaModule, LifecycleEventListener, UIManager' is deprecated. Deprecated in Java.
w: file:///D:/BlackOS/school/SchoolApp/node_modules/react-native-screens/android/src/main/java/com/swmansion/rnscreens/safearea/SafeAreaView.kt:153:45 'fun consumeDisplayCutout(): @NonNull() WindowInsetsCompat' is deprecated. Deprecated in Java.
w: file:///D:/BlackOS/school/SchoolApp/node_modules/react-native-screens/android/src/main/java/com/swmansion/rnscreens/safearea/SafeAreaView.kt:194:58 'class UIManagerModule : ReactContextBaseJavaModule, LifecycleEventListener, UIManager' is deprecated. Deprecated in Java.
w: file:///D:/BlackOS/school/SchoolApp/node_modules/react-native-screens/android/src/main/java/com/swmansion/rnscreens/safearea/SafeAreaView.kt:201:31 'val uiImplementation: UIImplementation!' is deprecated. Deprecated in Java.
w: file:///D:/BlackOS/school/SchoolApp/node_modules/react-native-screens/android/src/main/java/com/swmansion/rnscreens/safearea/paper/SafeAreaViewShadowNode.kt:7:8 'class LayoutShadowNode : ReactShadowNodeImpl' is deprecated. Deprecated in Java.
w: file:///D:/BlackOS/school/SchoolApp/node_modules/react-native-screens/android/src/main/java/com/swmansion/rnscreens/safearea/paper/SafeAreaViewShadowNode.kt:8:8 'class NativeViewHierarchyOptimizer : Any' is deprecated. Deprecated in Java.
w: file:///D:/BlackOS/school/SchoolApp/node_modules/react-native-screens/android/src/main/java/com/swmansion/rnscreens/safearea/paper/SafeAreaViewShadowNode.kt:14:32 'class LayoutShadowNode : ReactShadowNodeImpl' is deprecated. Deprecated in Java.
w: file:///D:/BlackOS/school/SchoolApp/node_modules/react-native-screens/android/src/main/java/com/swmansion/rnscreens/safearea/paper/SafeAreaViewShadowNode.kt:83:63 'class NativeViewHierarchyOptimizer : Any' is deprecated. Deprecated in Java.

> Task :app:mergeReleaseResources
> Task :react-native-screens:compileReleaseJavaWithJavac
> Task :app:packageReleaseResources
> Task :app:parseReleaseLocalResources
> Task :app:createReleaseCompatibleScreenManifests
> Task :app:extractDeepLinksRelease
> Task :react-native-community_datetimepicker:extractDeepLinksRelease
> Task :react-native-documents_picker:extractDeepLinksRelease
> Task :react-native-firebase_app:extractDeepLinksRelease
> Task :react-native-firebase_messaging:extractDeepLinksRelease
> Task :react-native-fs:extractDeepLinksRelease
> Task :react-native-safe-area-context:extractDeepLinksRelease
> Task :react-native-screens:extractDeepLinksRelease
> Task :react-native-community_datetimepicker:compileReleaseLibraryResources
> Task :react-native-documents_picker:compileReleaseLibraryResources
> Task :react-native-firebase_app:compileReleaseLibraryResources
> Task :react-native-firebase_messaging:compileReleaseLibraryResources
> Task :react-native-fs:compileReleaseLibraryResources
> Task :react-native-community_datetimepicker:processReleaseManifest

> Task :react-native-fs:processReleaseManifest
package="com.rnfs" found in source AndroidManifest.xml: D:\BlackOS\school\SchoolApp\node_modules\react-native-fs\android\src\main\AndroidManifest.xml.
Setting the namespace via the package attribute in the source AndroidManifest.xml is no longer supported, and the value is ignored.
Recommendation: remove package="com.rnfs" from the source AndroidManifest.xml: D:\BlackOS\school\SchoolApp\node_modules\react-native-fs\android\src\main\AndroidManifest.xml.

> Task :react-native-firebase_app:processReleaseManifest
package="io.invertase.firebase" found in source AndroidManifest.xml: D:\BlackOS\school\SchoolApp\node_modules\@react-native-firebase\app\android\src\main\AndroidManifest.xml.
Setting the namespace via the package attribute in the source AndroidManifest.xml is no longer supported, and the value is ignored.
Recommendation: remove package="io.invertase.firebase" from the source AndroidManifest.xml: D:\BlackOS\school\SchoolApp\node_modules\@react-native-firebase\app\android\src\main\AndroidManifest.xml.

> Task :react-native-safe-area-context:compileReleaseLibraryResources

> Task :react-native-firebase_messaging:processReleaseManifest
package="io.invertase.firebase.messaging" found in source AndroidManifest.xml: D:\BlackOS\school\SchoolApp\node_modules\@react-native-firebase\messaging\android\src\main\AndroidManifest.xml.
Setting the namespace via the package attribute in the source AndroidManifest.xml is no longer supported, and the value is ignored.
Recommendation: remove package="io.invertase.firebase.messaging" from the source AndroidManifest.xml: D:\BlackOS\school\SchoolApp\node_modules\@react-native-firebase\messaging\android\src\main\AndroidManifest.xml.

> Task :react-native-documents_picker:processReleaseManifest
> Task :react-native-screens:processReleaseManifest

> Task :react-native-safe-area-context:processReleaseManifest
package="com.th3rdwave.safeareacontext" found in source AndroidManifest.xml: D:\BlackOS\school\SchoolApp\node_modules\react-native-safe-area-context\android\src\main\AndroidManifest.xml.
Setting the namespace via the package attribute in the source AndroidManifest.xml is no longer supported, and the value is ignored.
Recommendation: remove package="com.th3rdwave.safeareacontext" from the source AndroidManifest.xml: D:\BlackOS\school\SchoolApp\node_modules\react-native-safe-area-context\android\src\main\AndroidManifest.xml.

> Task :react-native-screens:compileReleaseLibraryResources
> Task :react-native-screens:bundleLibRuntimeToDirRelease
> Task :app:processReleaseMainManifest
> Task :app:processReleaseManifest
> Task :app:processReleaseManifestForPackage
> Task :react-native-community_datetimepicker:bundleLibCompileToJarRelease
> Task :react-native-documents_picker:bundleLibCompileToJarRelease
> Task :react-native-firebase_messaging:bundleLibCompileToJarRelease
> Task :react-native-fs:bundleLibCompileToJarRelease
> Task :react-native-safe-area-context:bundleLibCompileToJarRelease
> Task :app:javaPreCompileRelease
> Task :app:desugarReleaseFileDependencies
> Task :app:mergeReleaseStartupProfile UP-TO-DATE
> Task :react-native-screens:bundleLibCompileToJarRelease
> Task :react-native-community_datetimepicker:prepareReleaseArtProfile UP-TO-DATE
> Task :react-native-documents_picker:prepareReleaseArtProfile UP-TO-DATE
> Task :react-native-firebase_app:prepareReleaseArtProfile UP-TO-DATE
> Task :react-native-firebase_messaging:prepareReleaseArtProfile UP-TO-DATE
> Task :react-native-fs:prepareReleaseArtProfile UP-TO-DATE
> Task :react-native-safe-area-context:prepareReleaseArtProfile UP-TO-DATE
> Task :react-native-screens:prepareReleaseArtProfile UP-TO-DATE
> Task :app:mergeReleaseArtProfile
> Task :react-native-community_datetimepicker:bundleLibRuntimeToJarRelease
> Task :react-native-documents_picker:bundleLibRuntimeToJarRelease
> Task :react-native-safe-area-context:bundleLibRuntimeToJarRelease
> Task :react-native-firebase_messaging:bundleLibRuntimeToJarRelease
> Task :app:mergeReleaseShaders
> Task :app:compileReleaseShaders NO-SOURCE
> Task :app:generateReleaseAssets UP-TO-DATE
> Task :react-native-firebase_app:bundleLibRuntimeToJarRelease
> Task :react-native-fs:bundleLibRuntimeToJarRelease
> Task :react-native-community_datetimepicker:mergeReleaseShaders
> Task :react-native-community_datetimepicker:compileReleaseShaders NO-SOURCE
> Task :react-native-community_datetimepicker:generateReleaseAssets UP-TO-DATE
> Task :react-native-community_datetimepicker:mergeReleaseAssets
> Task :react-native-documents_picker:mergeReleaseShaders
> Task :react-native-documents_picker:compileReleaseShaders NO-SOURCE
> Task :react-native-documents_picker:generateReleaseAssets UP-TO-DATE
> Task :react-native-documents_picker:mergeReleaseAssets
> Task :react-native-firebase_app:mergeReleaseShaders
> Task :react-native-firebase_app:compileReleaseShaders NO-SOURCE
> Task :react-native-firebase_app:generateReleaseAssets UP-TO-DATE
> Task :react-native-firebase_app:mergeReleaseAssets
> Task :react-native-screens:bundleLibRuntimeToJarRelease
> Task :react-native-firebase_messaging:mergeReleaseShaders
> Task :react-native-firebase_messaging:compileReleaseShaders NO-SOURCE
> Task :react-native-firebase_messaging:generateReleaseAssets UP-TO-DATE
> Task :react-native-firebase_messaging:mergeReleaseAssets
> Task :react-native-fs:mergeReleaseShaders
> Task :react-native-fs:compileReleaseShaders NO-SOURCE
> Task :react-native-fs:generateReleaseAssets UP-TO-DATE
> Task :react-native-fs:mergeReleaseAssets
> Task :react-native-safe-area-context:mergeReleaseShaders
> Task :react-native-safe-area-context:compileReleaseShaders NO-SOURCE
> Task :react-native-safe-area-context:generateReleaseAssets UP-TO-DATE
> Task :react-native-safe-area-context:mergeReleaseAssets
> Task :react-native-screens:mergeReleaseShaders
> Task :react-native-screens:compileReleaseShaders NO-SOURCE
> Task :react-native-screens:generateReleaseAssets UP-TO-DATE
> Task :react-native-screens:mergeReleaseAssets
> Task :app:mergeReleaseAssets
> Task :app:compressReleaseAssets
> Task :app:extractReleaseVersionControlInfo
> Task :app:extractProguardFiles
> Task :react-native-community_datetimepicker:processReleaseJavaRes
> Task :react-native-community_datetimepicker:createFullJarRelease
> Task :react-native-community_datetimepicker:extractProguardFiles
> Task :react-native-community_datetimepicker:generateReleaseLintModel
> Task :react-native-community_datetimepicker:prepareLintJarForPublish UP-TO-DATE
> Task :react-native-documents_picker:processReleaseJavaRes
> Task :react-native-documents_picker:createFullJarRelease
> Task :react-native-documents_picker:extractProguardFiles
> Task :react-native-documents_picker:generateReleaseLintModel
> Task :react-native-documents_picker:prepareLintJarForPublish UP-TO-DATE
> Task :react-native-firebase_app:processReleaseJavaRes NO-SOURCE
> Task :react-native-firebase_app:createFullJarRelease
> Task :react-native-firebase_app:extractProguardFiles
> Task :react-native-firebase_app:generateReleaseLintModel
> Task :react-native-firebase_app:prepareLintJarForPublish UP-TO-DATE
> Task :react-native-firebase_messaging:processReleaseJavaRes NO-SOURCE
> Task :react-native-firebase_messaging:createFullJarRelease
> Task :react-native-firebase_messaging:extractProguardFiles
> Task :react-native-firebase_messaging:generateReleaseLintModel
> Task :react-native-firebase_messaging:prepareLintJarForPublish UP-TO-DATE
> Task :react-native-fs:processReleaseJavaRes NO-SOURCE
> Task :react-native-fs:createFullJarRelease
> Task :react-native-fs:extractProguardFiles
