
D:\BlackOS\school\SchoolApp\android>if "Windows_NT" == "Windows_NT" setlocal

D:\BlackOS\school\SchoolApp\android>set DIRNAME=D:\BlackOS\school\SchoolApp\android\ 

D:\BlackOS\school\SchoolApp\android>if "D:\BlackOS\school\SchoolApp\android\" == "" set DIRNAME=. 

D:\BlackOS\school\SchoolApp\android>set APP_BASE_NAME=gradlew 

D:\BlackOS\school\SchoolApp\android>set APP_HOME=D:\BlackOS\school\SchoolApp\android\ 

D:\BlackOS\school\SchoolApp\android>for %i in ("D:\BlackOS\school\SchoolApp\android\") do set APP_HOME=%~fi 

D:\BlackOS\school\SchoolApp\android>set APP_HOME=D:\BlackOS\school\SchoolApp\android\ 

D:\BlackOS\school\SchoolApp\android>set DEFAULT_JVM_OPTS="-Xmx64m" "-Xms64m" 

D:\BlackOS\school\SchoolApp\android>if defined JAVA_HOME goto findJavaFromJavaHome 

D:\BlackOS\school\SchoolApp\android>set JAVA_EXE=java.exe 

D:\BlackOS\school\SchoolApp\android>java.exe -version  1>NUL 2>&1 

D:\BlackOS\school\SchoolApp\android>if 0 EQU 0 goto execute 

D:\BlackOS\school\SchoolApp\android>set CLASSPATH= 

D:\BlackOS\school\SchoolApp\android>"java.exe" "-Xmx64m" "-Xms64m"   "-Dorg.gradle.appname=gradlew" -classpath "" -jar "D:\BlackOS\school\SchoolApp\android\\gradle\wrapper\gradle-wrapper.jar" assembleDebug --no-daemon --console=plain 
To honour the JVM settings for this build a single-use Daemon process will be forked. For more on this, please refer to https://docs.gradle.org/9.0.0/userguide/gradle_daemon.html#sec:disabling_the_daemon in the Gradle documentation.
Daemon will be stopped at the end of the build 
> Task :gradle-plugin:settings-plugin:checkKotlinGradlePluginConfigurationErrors SKIPPED
> Task :gradle-plugin:shared:checkKotlinGradlePluginConfigurationErrors SKIPPED
> Task :gradle-plugin:shared:compileKotlin UP-TO-DATE
> Task :gradle-plugin:shared:compileJava NO-SOURCE
> Task :gradle-plugin:shared:processResources NO-SOURCE
> Task :gradle-plugin:shared:classes UP-TO-DATE
> Task :gradle-plugin:shared:jar UP-TO-DATE
> Task :gradle-plugin:settings-plugin:compileKotlin UP-TO-DATE
> Task :gradle-plugin:settings-plugin:compileJava NO-SOURCE
> Task :gradle-plugin:settings-plugin:pluginDescriptors UP-TO-DATE
> Task :gradle-plugin:settings-plugin:processResources UP-TO-DATE
> Task :gradle-plugin:settings-plugin:classes UP-TO-DATE
> Task :gradle-plugin:settings-plugin:jar UP-TO-DATE
> Task :gradle-plugin:react-native-gradle-plugin:checkKotlinGradlePluginConfigurationErrors SKIPPED
> Task :gradle-plugin:react-native-gradle-plugin:compileKotlin UP-TO-DATE
> Task :gradle-plugin:react-native-gradle-plugin:compileJava NO-SOURCE
> Task :gradle-plugin:react-native-gradle-plugin:pluginDescriptors UP-TO-DATE
> Task :gradle-plugin:react-native-gradle-plugin:processResources UP-TO-DATE
> Task :gradle-plugin:react-native-gradle-plugin:classes UP-TO-DATE
> Task :gradle-plugin:react-native-gradle-plugin:jar UP-TO-DATE

> Configure project :app

=============== JavaScriptCore is being moved ===============
JavaScriptCore has been extracted from react-native core
and will be removed in a future release. It can now be
installed from `@react-native-community/javascriptcore`
See: https://github.com/react-native-community/javascriptcore
=============================================================


> Configure project :react-native-firebase_app
:react-native-firebase_app package.json found at D:\BlackOS\school\SchoolApp\node_modules\@react-native-firebase\app\package.json
:react-native-firebase_app:firebase.bom using default value: 34.8.0
:react-native-firebase_app:play.play-services-auth using default value: 21.4.0
:react-native-firebase_app package.json found at D:\BlackOS\school\SchoolApp\node_modules\@react-native-firebase\app\package.json
:react-native-firebase_app:version set from package.json: 23.8.6 (23,8,6 - 23008006)
:react-native-firebase_app:android.compileSdk using custom value: 36
:react-native-firebase_app:android.targetSdk using custom value: 36
:react-native-firebase_app:android.minSdk using custom value: 24
:react-native-firebase_app:reactNativeAndroidDir D:\BlackOS\school\SchoolApp\node_modules\react-native

> Configure project :react-native-firebase_messaging
:react-native-firebase_messaging package.json found at D:\BlackOS\school\SchoolApp\node_modules\@react-native-firebase\messaging\package.json
:react-native-firebase_app package.json found at D:\BlackOS\school\SchoolApp\node_modules\@react-native-firebase\app\package.json
:react-native-firebase_messaging:firebase.bom using default value: 34.8.0
:react-native-firebase_messaging package.json found at D:\BlackOS\school\SchoolApp\node_modules\@react-native-firebase\messaging\package.json
:react-native-firebase_messaging:version set from package.json: 23.8.6 (23,8,6 - 23008006)
:react-native-firebase_messaging:android.compileSdk using custom value: 36
:react-native-firebase_messaging:android.targetSdk using custom value: 36
:react-native-firebase_messaging:android.minSdk using custom value: 24
:react-native-firebase_messaging:reactNativeAndroidDir D:\BlackOS\school\SchoolApp\node_modules\react-native

> Task :app:generateAutolinkingNewArchitectureFiles UP-TO-DATE
> Task :app:generateAutolinkingPackageList UP-TO-DATE
> Task :app:generateCodegenSchemaFromJavaScript SKIPPED
> Task :app:generateCodegenArtifactsFromSchema SKIPPED
> Task :app:generateReactNativeEntryPoint UP-TO-DATE
> Task :app:removeStaleSourceBundles
> Task :react-native-community_datetimepicker:generateCodegenSchemaFromJavaScript UP-TO-DATE
> Task :react-native-community_datetimepicker:generateCodegenArtifactsFromSchema UP-TO-DATE
> Task :react-native-community_datetimepicker:preBuild UP-TO-DATE
> Task :react-native-documents_picker:generateCodegenSchemaFromJavaScript UP-TO-DATE
> Task :react-native-documents_picker:generateCodegenArtifactsFromSchema UP-TO-DATE
> Task :react-native-documents_picker:preBuild UP-TO-DATE
> Task :react-native-firebase_app:preBuild UP-TO-DATE
> Task :react-native-firebase_messaging:preBuild UP-TO-DATE
> Task :react-native-fs:preBuild UP-TO-DATE
> Task :react-native-safe-area-context:generateCodegenSchemaFromJavaScript UP-TO-DATE
> Task :react-native-safe-area-context:generateCodegenArtifactsFromSchema UP-TO-DATE
> Task :react-native-safe-area-context:preBuild UP-TO-DATE
> Task :react-native-screens:generateCodegenSchemaFromJavaScript UP-TO-DATE
> Task :react-native-screens:generateCodegenArtifactsFromSchema UP-TO-DATE
> Task :react-native-screens:preBuild UP-TO-DATE
> Task :app:preBuild
> Task :app:preDebugBuild
> Task :app:mergeDebugNativeDebugMetadata NO-SOURCE
> Task :app:checkKotlinGradlePluginConfigurationErrors SKIPPED
> Task :app:generateDebugBuildConfig UP-TO-DATE
> Task :react-native-community_datetimepicker:preDebugBuild UP-TO-DATE
> Task :react-native-community_datetimepicker:writeDebugAarMetadata UP-TO-DATE
> Task :react-native-documents_picker:preDebugBuild UP-TO-DATE
> Task :react-native-documents_picker:writeDebugAarMetadata UP-TO-DATE
> Task :react-native-firebase_app:preDebugBuild UP-TO-DATE
> Task :react-native-firebase_app:writeDebugAarMetadata UP-TO-DATE
> Task :react-native-firebase_messaging:preDebugBuild UP-TO-DATE
> Task :react-native-firebase_messaging:writeDebugAarMetadata UP-TO-DATE
> Task :react-native-fs:preDebugBuild UP-TO-DATE
> Task :react-native-fs:writeDebugAarMetadata UP-TO-DATE
> Task :react-native-safe-area-context:preDebugBuild UP-TO-DATE
> Task :react-native-safe-area-context:writeDebugAarMetadata UP-TO-DATE
> Task :react-native-screens:preDebugBuild UP-TO-DATE
> Task :react-native-screens:writeDebugAarMetadata UP-TO-DATE
> Task :app:checkDebugAarMetadata UP-TO-DATE
> Task :app:generateDebugResValues UP-TO-DATE
> Task :app:processDebugGoogleServices UP-TO-DATE
> Task :react-native-community_datetimepicker:generateDebugResValues UP-TO-DATE
> Task :react-native-community_datetimepicker:generateDebugResources UP-TO-DATE
> Task :react-native-community_datetimepicker:packageDebugResources UP-TO-DATE
> Task :react-native-documents_picker:generateDebugResValues UP-TO-DATE
> Task :react-native-documents_picker:generateDebugResources UP-TO-DATE
> Task :react-native-documents_picker:packageDebugResources UP-TO-DATE
> Task :react-native-firebase_app:generateDebugResValues UP-TO-DATE
> Task :react-native-firebase_app:generateDebugResources UP-TO-DATE
> Task :react-native-firebase_app:packageDebugResources UP-TO-DATE
> Task :react-native-firebase_messaging:generateDebugResValues UP-TO-DATE
> Task :react-native-firebase_messaging:generateDebugResources UP-TO-DATE
> Task :react-native-firebase_messaging:packageDebugResources UP-TO-DATE
> Task :react-native-fs:generateDebugResValues UP-TO-DATE
> Task :react-native-fs:generateDebugResources UP-TO-DATE
> Task :react-native-fs:packageDebugResources UP-TO-DATE
> Task :react-native-safe-area-context:generateDebugResValues UP-TO-DATE
> Task :react-native-safe-area-context:generateDebugResources UP-TO-DATE
> Task :react-native-safe-area-context:packageDebugResources UP-TO-DATE
> Task :react-native-screens:generateDebugResValues UP-TO-DATE
> Task :react-native-screens:generateDebugResources UP-TO-DATE
> Task :react-native-screens:packageDebugResources UP-TO-DATE
> Task :app:mapDebugSourceSetPaths UP-TO-DATE
> Task :app:generateDebugResources UP-TO-DATE
> Task :app:mergeDebugResources UP-TO-DATE
> Task :app:packageDebugResources UP-TO-DATE
> Task :app:parseDebugLocalResources UP-TO-DATE
> Task :app:createDebugCompatibleScreenManifests UP-TO-DATE
> Task :app:extractDeepLinksDebug UP-TO-DATE
> Task :react-native-community_datetimepicker:extractDeepLinksDebug UP-TO-DATE
> Task :react-native-community_datetimepicker:processDebugManifest UP-TO-DATE
> Task :react-native-documents_picker:extractDeepLinksDebug UP-TO-DATE
> Task :react-native-documents_picker:processDebugManifest UP-TO-DATE
> Task :react-native-firebase_app:extractDeepLinksDebug UP-TO-DATE
> Task :react-native-firebase_app:processDebugManifest UP-TO-DATE
> Task :react-native-firebase_messaging:extractDeepLinksDebug UP-TO-DATE
> Task :react-native-firebase_messaging:processDebugManifest UP-TO-DATE
> Task :react-native-fs:extractDeepLinksDebug UP-TO-DATE
> Task :react-native-fs:processDebugManifest UP-TO-DATE
> Task :react-native-safe-area-context:extractDeepLinksDebug UP-TO-DATE
> Task :react-native-safe-area-context:processDebugManifest UP-TO-DATE
> Task :react-native-screens:extractDeepLinksDebug UP-TO-DATE
> Task :react-native-screens:processDebugManifest UP-TO-DATE
> Task :app:processDebugMainManifest UP-TO-DATE
> Task :app:processDebugManifest UP-TO-DATE
> Task :app:processDebugManifestForPackage UP-TO-DATE
> Task :react-native-community_datetimepicker:compileDebugLibraryResources UP-TO-DATE
> Task :react-native-community_datetimepicker:parseDebugLocalResources UP-TO-DATE
> Task :react-native-community_datetimepicker:generateDebugRFile UP-TO-DATE
> Task :react-native-documents_picker:compileDebugLibraryResources UP-TO-DATE
> Task :react-native-documents_picker:parseDebugLocalResources UP-TO-DATE
> Task :react-native-documents_picker:generateDebugRFile UP-TO-DATE
> Task :react-native-firebase_app:compileDebugLibraryResources UP-TO-DATE
> Task :react-native-firebase_app:parseDebugLocalResources UP-TO-DATE
> Task :react-native-firebase_app:generateDebugRFile UP-TO-DATE
> Task :react-native-firebase_messaging:compileDebugLibraryResources UP-TO-DATE
> Task :react-native-firebase_messaging:parseDebugLocalResources UP-TO-DATE
> Task :react-native-firebase_messaging:generateDebugRFile UP-TO-DATE
> Task :react-native-fs:compileDebugLibraryResources UP-TO-DATE
> Task :react-native-fs:parseDebugLocalResources UP-TO-DATE
> Task :react-native-fs:generateDebugRFile UP-TO-DATE
> Task :react-native-safe-area-context:compileDebugLibraryResources UP-TO-DATE
> Task :react-native-safe-area-context:parseDebugLocalResources UP-TO-DATE
> Task :react-native-safe-area-context:generateDebugRFile UP-TO-DATE
> Task :react-native-screens:compileDebugLibraryResources UP-TO-DATE
> Task :react-native-screens:parseDebugLocalResources UP-TO-DATE
> Task :react-native-screens:generateDebugRFile UP-TO-DATE
> Task :app:processDebugResources UP-TO-DATE
> Task :react-native-community_datetimepicker:checkKotlinGradlePluginConfigurationErrors SKIPPED
> Task :react-native-community_datetimepicker:generateDebugBuildConfig UP-TO-DATE
> Task :react-native-community_datetimepicker:compileDebugKotlin UP-TO-DATE
> Task :react-native-community_datetimepicker:javaPreCompileDebug UP-TO-DATE
> Task :react-native-community_datetimepicker:compileDebugJavaWithJavac UP-TO-DATE
> Task :react-native-community_datetimepicker:bundleLibCompileToJarDebug UP-TO-DATE
> Task :react-native-documents_picker:checkKotlinGradlePluginConfigurationErrors SKIPPED
> Task :react-native-documents_picker:generateDebugBuildConfig UP-TO-DATE
> Task :react-native-documents_picker:compileDebugKotlin UP-TO-DATE
> Task :react-native-documents_picker:javaPreCompileDebug UP-TO-DATE
> Task :react-native-documents_picker:compileDebugJavaWithJavac UP-TO-DATE
> Task :react-native-documents_picker:bundleLibCompileToJarDebug UP-TO-DATE
> Task :react-native-firebase_app:generateDebugBuildConfig UP-TO-DATE
> Task :react-native-firebase_app:javaPreCompileDebug UP-TO-DATE
> Task :react-native-firebase_app:compileDebugJavaWithJavac UP-TO-DATE
> Task :react-native-firebase_app:bundleLibCompileToJarDebug UP-TO-DATE
> Task :react-native-firebase_messaging:generateDebugBuildConfig UP-TO-DATE
> Task :react-native-firebase_messaging:javaPreCompileDebug UP-TO-DATE
> Task :react-native-firebase_messaging:compileDebugJavaWithJavac UP-TO-DATE
> Task :react-native-firebase_messaging:bundleLibCompileToJarDebug UP-TO-DATE
> Task :react-native-fs:generateDebugBuildConfig UP-TO-DATE
> Task :react-native-fs:javaPreCompileDebug UP-TO-DATE
> Task :react-native-fs:compileDebugJavaWithJavac UP-TO-DATE
> Task :react-native-fs:bundleLibCompileToJarDebug UP-TO-DATE
> Task :react-native-safe-area-context:checkKotlinGradlePluginConfigurationErrors SKIPPED
> Task :react-native-safe-area-context:generateDebugBuildConfig UP-TO-DATE
> Task :react-native-safe-area-context:compileDebugKotlin UP-TO-DATE
> Task :react-native-safe-area-context:javaPreCompileDebug UP-TO-DATE
> Task :react-native-safe-area-context:compileDebugJavaWithJavac UP-TO-DATE
> Task :react-native-safe-area-context:bundleLibCompileToJarDebug UP-TO-DATE
> Task :react-native-screens:checkKotlinGradlePluginConfigurationErrors SKIPPED
> Task :react-native-screens:generateDebugBuildConfig UP-TO-DATE
> Task :react-native-screens:compileDebugKotlin UP-TO-DATE
> Task :react-native-screens:javaPreCompileDebug UP-TO-DATE
> Task :react-native-screens:compileDebugJavaWithJavac UP-TO-DATE
> Task :react-native-screens:bundleLibCompileToJarDebug UP-TO-DATE
> Task :app:compileDebugKotlin UP-TO-DATE
> Task :app:javaPreCompileDebug UP-TO-DATE
> Task :app:compileDebugJavaWithJavac
> Task :app:mergeDebugShaders UP-TO-DATE
> Task :app:compileDebugShaders NO-SOURCE
> Task :app:generateDebugAssets UP-TO-DATE
> Task :react-native-community_datetimepicker:mergeDebugShaders UP-TO-DATE
> Task :react-native-community_datetimepicker:compileDebugShaders NO-SOURCE
> Task :react-native-community_datetimepicker:generateDebugAssets UP-TO-DATE
> Task :react-native-community_datetimepicker:mergeDebugAssets UP-TO-DATE
> Task :react-native-documents_picker:mergeDebugShaders UP-TO-DATE
> Task :react-native-documents_picker:compileDebugShaders NO-SOURCE
> Task :react-native-documents_picker:generateDebugAssets UP-TO-DATE
> Task :react-native-documents_picker:mergeDebugAssets UP-TO-DATE
> Task :react-native-firebase_app:mergeDebugShaders UP-TO-DATE
> Task :react-native-firebase_app:compileDebugShaders NO-SOURCE
> Task :react-native-firebase_app:generateDebugAssets UP-TO-DATE
> Task :react-native-firebase_app:mergeDebugAssets UP-TO-DATE
> Task :react-native-firebase_messaging:mergeDebugShaders UP-TO-DATE
> Task :react-native-firebase_messaging:compileDebugShaders NO-SOURCE
> Task :react-native-firebase_messaging:generateDebugAssets UP-TO-DATE
> Task :react-native-firebase_messaging:mergeDebugAssets UP-TO-DATE
> Task :react-native-fs:mergeDebugShaders UP-TO-DATE
> Task :react-native-fs:compileDebugShaders NO-SOURCE
> Task :react-native-fs:generateDebugAssets UP-TO-DATE
> Task :react-native-fs:mergeDebugAssets UP-TO-DATE
> Task :react-native-safe-area-context:mergeDebugShaders UP-TO-DATE
> Task :react-native-safe-area-context:compileDebugShaders NO-SOURCE
> Task :react-native-safe-area-context:generateDebugAssets UP-TO-DATE
> Task :react-native-safe-area-context:mergeDebugAssets UP-TO-DATE
> Task :react-native-screens:mergeDebugShaders UP-TO-DATE
> Task :react-native-screens:compileDebugShaders NO-SOURCE
> Task :react-native-screens:generateDebugAssets UP-TO-DATE
> Task :react-native-screens:mergeDebugAssets UP-TO-DATE
> Task :app:mergeDebugAssets UP-TO-DATE
> Task :app:compressDebugAssets UP-TO-DATE
> Task :react-native-community_datetimepicker:bundleLibRuntimeToJarDebug UP-TO-DATE
> Task :react-native-documents_picker:bundleLibRuntimeToJarDebug UP-TO-DATE
> Task :react-native-safe-area-context:bundleLibRuntimeToJarDebug UP-TO-DATE
> Task :react-native-screens:bundleLibRuntimeToJarDebug UP-TO-DATE
> Task :react-native-firebase_messaging:bundleLibRuntimeToJarDebug UP-TO-DATE
> Task :react-native-firebase_app:bundleLibRuntimeToJarDebug UP-TO-DATE
> Task :react-native-fs:bundleLibRuntimeToJarDebug UP-TO-DATE
> Task :app:desugarDebugFileDependencies UP-TO-DATE
> Task :app:dexBuilderDebug
> Task :app:processDebugJavaRes
> Task :react-native-community_datetimepicker:processDebugJavaRes UP-TO-DATE
> Task :react-native-documents_picker:processDebugJavaRes UP-TO-DATE
> Task :react-native-firebase_app:processDebugJavaRes NO-SOURCE
> Task :react-native-firebase_messaging:processDebugJavaRes NO-SOURCE
> Task :react-native-fs:processDebugJavaRes NO-SOURCE
> Task :react-native-safe-area-context:processDebugJavaRes UP-TO-DATE
> Task :app:mergeDebugGlobalSynthetics
> Task :react-native-screens:processDebugJavaRes UP-TO-DATE
> Task :app:checkDebugDuplicateClasses UP-TO-DATE
> Task :app:mergeExtDexDebug UP-TO-DATE
> Task :react-native-community_datetimepicker:bundleLibRuntimeToDirDebug UP-TO-DATE
> Task :react-native-documents_picker:bundleLibRuntimeToDirDebug UP-TO-DATE
> Task :react-native-safe-area-context:bundleLibRuntimeToDirDebug UP-TO-DATE
> Task :react-native-screens:bundleLibRuntimeToDirDebug UP-TO-DATE
> Task :react-native-firebase_messaging:bundleLibRuntimeToDirDebug UP-TO-DATE
> Task :react-native-firebase_app:bundleLibRuntimeToDirDebug UP-TO-DATE
> Task :react-native-fs:bundleLibRuntimeToDirDebug UP-TO-DATE
> Task :app:mergeProjectDexDebug
> Task :app:mergeDebugJavaResource
> Task :app:configureCMakeDebug[arm64-v8a]
> Task :app:mergeLibDexDebug
> Task :app:buildCMakeDebug[arm64-v8a]
C/C++: Hard link from 'C:\Users\hp\.gradle\caches\9.0.0\transforms\a0533d65a517b8a85c69740844ae9af8\transformed\react-android-0.84.0-debug\prefab\modules\reactnative\libs\android.arm64-v8a\libreactnative.so' to 'D:\BlackOS\school\SchoolApp\android\app\build\intermediates\cxx\Debug\85re306c\obj\arm64-v8a\libreactnative.so' failed. Doing a slower copy instead.
C/C++: Hard link from 'C:\Users\hp\.gradle\caches\9.0.0\transforms\a0533d65a517b8a85c69740844ae9af8\transformed\react-android-0.84.0-debug\prefab\modules\reactnative\libs\android.arm64-v8a\libreactnative.so' to 'D:\BlackOS\school\SchoolApp\android\app\build\intermediates\cxx\Debug\85re306c\obj\arm64-v8a\libreactnative.so' failed. Doing a slower copy instead.

> Task :app:configureCMakeDebug[armeabi-v7a]
> Task :app:buildCMakeDebug[armeabi-v7a]
C/C++: Hard link from 'C:\Users\hp\.gradle\caches\9.0.0\transforms\a0533d65a517b8a85c69740844ae9af8\transformed\react-android-0.84.0-debug\prefab\modules\reactnative\libs\android.armeabi-v7a\libreactnative.so' to 'D:\BlackOS\school\SchoolApp\android\app\build\intermediates\cxx\Debug\85re306c\obj\armeabi-v7a\libreactnative.so' failed. Doing a slower copy instead.
C/C++: Hard link from 'C:\Users\hp\.gradle\caches\9.0.0\transforms\a0533d65a517b8a85c69740844ae9af8\transformed\react-android-0.84.0-debug\prefab\modules\reactnative\libs\android.armeabi-v7a\libreactnative.so' to 'D:\BlackOS\school\SchoolApp\android\app\build\intermediates\cxx\Debug\85re306c\obj\armeabi-v7a\libreactnative.so' failed. Doing a slower copy instead.

> Task :app:configureCMakeDebug[x86]

> Task :app:buildCMakeDebug[x86]
C/C++: -- GLOB mismatch!
C/C++: Hard link from 'C:\Users\hp\.gradle\caches\9.0.0\transforms\a0533d65a517b8a85c69740844ae9af8\transformed\react-android-0.84.0-debug\prefab\modules\reactnative\libs\android.x86\libreactnative.so' to 'D:\BlackOS\school\SchoolApp\android\app\build\intermediates\cxx\Debug\85re306c\obj\x86\libreactnative.so' failed. Doing a slower copy instead.
C/C++: Hard link from 'C:\Users\hp\.gradle\caches\9.0.0\transforms\a0533d65a517b8a85c69740844ae9af8\transformed\react-android-0.84.0-debug\prefab\modules\reactnative\libs\android.x86\libreactnative.so' to 'D:\BlackOS\school\SchoolApp\android\app\build\intermediates\cxx\Debug\85re306c\obj\x86\libreactnative.so' failed. Doing a slower copy instead.

> Task :app:configureCMakeDebug[x86_64]
> Task :app:buildCMakeDebug[x86_64]
C/C++: Hard link from 'C:\Users\hp\.gradle\caches\9.0.0\transforms\a0533d65a517b8a85c69740844ae9af8\transformed\react-android-0.84.0-debug\prefab\modules\reactnative\libs\android.x86_64\libreactnative.so' to 'D:\BlackOS\school\SchoolApp\android\app\build\intermediates\cxx\Debug\85re306c\obj\x86_64\libreactnative.so' failed. Doing a slower copy instead.
C/C++: Hard link from 'C:\Users\hp\.gradle\caches\9.0.0\transforms\a0533d65a517b8a85c69740844ae9af8\transformed\react-android-0.84.0-debug\prefab\modules\reactnative\libs\android.x86_64\libreactnative.so' to 'D:\BlackOS\school\SchoolApp\android\app\build\intermediates\cxx\Debug\85re306c\obj\x86_64\libreactnative.so' failed. Doing a slower copy instead.

> Task :app:mergeDebugJniLibFolders
> Task :react-native-community_datetimepicker:mergeDebugJniLibFolders
> Task :react-native-community_datetimepicker:mergeDebugNativeLibs NO-SOURCE
> Task :react-native-community_datetimepicker:copyDebugJniLibsProjectOnly
> Task :react-native-documents_picker:mergeDebugJniLibFolders
> Task :react-native-documents_picker:mergeDebugNativeLibs NO-SOURCE
> Task :react-native-documents_picker:copyDebugJniLibsProjectOnly
> Task :react-native-firebase_app:mergeDebugJniLibFolders
> Task :react-native-firebase_app:mergeDebugNativeLibs NO-SOURCE
> Task :react-native-firebase_app:copyDebugJniLibsProjectOnly
> Task :react-native-firebase_messaging:mergeDebugJniLibFolders
> Task :react-native-firebase_messaging:mergeDebugNativeLibs NO-SOURCE
> Task :react-native-firebase_messaging:copyDebugJniLibsProjectOnly
> Task :react-native-fs:mergeDebugJniLibFolders
> Task :react-native-fs:mergeDebugNativeLibs NO-SOURCE
> Task :react-native-fs:copyDebugJniLibsProjectOnly
> Task :react-native-safe-area-context:mergeDebugJniLibFolders
> Task :react-native-safe-area-context:mergeDebugNativeLibs NO-SOURCE
> Task :react-native-safe-area-context:copyDebugJniLibsProjectOnly
> Task :react-native-screens:configureCMakeDebug[arm64-v8a]

> Task :react-native-screens:buildCMakeDebug[arm64-v8a]
C/C++: Hard link from 'C:\Users\hp\.gradle\caches\9.0.0\transforms\a0533d65a517b8a85c69740844ae9af8\transformed\react-android-0.84.0-debug\prefab\modules\reactnative\libs\android.arm64-v8a\libreactnative.so' to 'D:\BlackOS\school\SchoolApp\node_modules\react-native-screens\android\build\intermediates\cxx\Debug\2x14h2c5\obj\arm64-v8a\libreactnative.so' failed. Doing a slower copy instead.
C/C++: Hard link from 'C:\Users\hp\.gradle\caches\9.0.0\transforms\a0533d65a517b8a85c69740844ae9af8\transformed\react-android-0.84.0-debug\prefab\modules\reactnative\libs\android.arm64-v8a\libreactnative.so' to 'D:\BlackOS\school\SchoolApp\node_modules\react-native-screens\android\build\intermediates\cxx\Debug\2x14h2c5\obj\arm64-v8a\libreactnative.so' failed. Doing a slower copy instead.

> Task :react-native-screens:configureCMakeDebug[armeabi-v7a]

> Task :react-native-screens:buildCMakeDebug[armeabi-v7a]
C/C++: Hard link from 'C:\Users\hp\.gradle\caches\9.0.0\transforms\a0533d65a517b8a85c69740844ae9af8\transformed\react-android-0.84.0-debug\prefab\modules\reactnative\libs\android.armeabi-v7a\libreactnative.so' to 'D:\BlackOS\school\SchoolApp\node_modules\react-native-screens\android\build\intermediates\cxx\Debug\2x14h2c5\obj\armeabi-v7a\libreactnative.so' failed. Doing a slower copy instead.
C/C++: Hard link from 'C:\Users\hp\.gradle\caches\9.0.0\transforms\a0533d65a517b8a85c69740844ae9af8\transformed\react-android-0.84.0-debug\prefab\modules\reactnative\libs\android.armeabi-v7a\libreactnative.so' to 'D:\BlackOS\school\SchoolApp\node_modules\react-native-screens\android\build\intermediates\cxx\Debug\2x14h2c5\obj\armeabi-v7a\libreactnative.so' failed. Doing a slower copy instead.

> Task :react-native-screens:configureCMakeDebug[x86]

> Task :react-native-screens:buildCMakeDebug[x86]
C/C++: Hard link from 'C:\Users\hp\.gradle\caches\9.0.0\transforms\a0533d65a517b8a85c69740844ae9af8\transformed\react-android-0.84.0-debug\prefab\modules\reactnative\libs\android.x86\libreactnative.so' to 'D:\BlackOS\school\SchoolApp\node_modules\react-native-screens\android\build\intermediates\cxx\Debug\2x14h2c5\obj\x86\libreactnative.so' failed. Doing a slower copy instead.
C/C++: Hard link from 'C:\Users\hp\.gradle\caches\9.0.0\transforms\a0533d65a517b8a85c69740844ae9af8\transformed\react-android-0.84.0-debug\prefab\modules\reactnative\libs\android.x86\libreactnative.so' to 'D:\BlackOS\school\SchoolApp\node_modules\react-native-screens\android\build\intermediates\cxx\Debug\2x14h2c5\obj\x86\libreactnative.so' failed. Doing a slower copy instead.

> Task :react-native-screens:configureCMakeDebug[x86_64]

> Task :react-native-screens:buildCMakeDebug[x86_64]
C/C++: Hard link from 'C:\Users\hp\.gradle\caches\9.0.0\transforms\a0533d65a517b8a85c69740844ae9af8\transformed\react-android-0.84.0-debug\prefab\modules\reactnative\libs\android.x86_64\libreactnative.so' to 'D:\BlackOS\school\SchoolApp\node_modules\react-native-screens\android\build\intermediates\cxx\Debug\2x14h2c5\obj\x86_64\libreactnative.so' failed. Doing a slower copy instead.
C/C++: Hard link from 'C:\Users\hp\.gradle\caches\9.0.0\transforms\a0533d65a517b8a85c69740844ae9af8\transformed\react-android-0.84.0-debug\prefab\modules\reactnative\libs\android.x86_64\libreactnative.so' to 'D:\BlackOS\school\SchoolApp\node_modules\react-native-screens\android\build\intermediates\cxx\Debug\2x14h2c5\obj\x86_64\libreactnative.so' failed. Doing a slower copy instead.

> Task :react-native-screens:mergeDebugJniLibFolders
> Task :app:validateSigningDebug
> Task :app:writeDebugAppMetadata
> Task :react-native-screens:mergeDebugNativeLibs
> Task :app:writeDebugSigningConfigVersions
> Task :react-native-community_datetimepicker:stripDebugDebugSymbols NO-SOURCE
> Task :react-native-community_datetimepicker:copyDebugJniLibsProjectAndLocalJars
> Task :react-native-screens:copyDebugJniLibsProjectOnly
> Task :react-native-community_datetimepicker:extractDebugAnnotations
> Task :react-native-community_datetimepicker:extractDeepLinksForAarDebug
> Task :react-native-community_datetimepicker:mergeDebugGeneratedProguardFiles
> Task :react-native-community_datetimepicker:mergeDebugConsumerProguardFiles
> Task :react-native-community_datetimepicker:prepareDebugArtProfile
> Task :react-native-community_datetimepicker:prepareLintJarForPublish UP-TO-DATE
> Task :react-native-documents_picker:stripDebugDebugSymbols NO-SOURCE
> Task :react-native-documents_picker:copyDebugJniLibsProjectAndLocalJars
> Task :react-native-documents_picker:extractDebugAnnotations
> Task :react-native-community_datetimepicker:mergeDebugJavaResource
> Task :react-native-documents_picker:extractDeepLinksForAarDebug
> Task :react-native-community_datetimepicker:syncDebugLibJars
> Task :react-native-community_datetimepicker:bundleDebugAar
> Task :react-native-community_datetimepicker:assembleDebug
> Task :react-native-documents_picker:mergeDebugGeneratedProguardFiles
> Task :react-native-documents_picker:mergeDebugConsumerProguardFiles
> Task :react-native-documents_picker:prepareDebugArtProfile
> Task :react-native-documents_picker:prepareLintJarForPublish UP-TO-DATE
> Task :react-native-firebase_app:stripDebugDebugSymbols NO-SOURCE
> Task :react-native-documents_picker:mergeDebugJavaResource
> Task :react-native-firebase_app:copyDebugJniLibsProjectAndLocalJars
> Task :react-native-documents_picker:syncDebugLibJars
> Task :react-native-documents_picker:bundleDebugAar
> Task :react-native-documents_picker:assembleDebug
> Task :react-native-firebase_app:extractDebugAnnotations
> Task :react-native-firebase_app:extractDeepLinksForAarDebug
> Task :react-native-firebase_app:mergeDebugGeneratedProguardFiles
> Task :react-native-firebase_app:mergeDebugConsumerProguardFiles
> Task :react-native-firebase_app:prepareDebugArtProfile
> Task :react-native-firebase_app:prepareLintJarForPublish UP-TO-DATE
> Task :react-native-firebase_messaging:stripDebugDebugSymbols NO-SOURCE
> Task :react-native-firebase_messaging:copyDebugJniLibsProjectAndLocalJars
> Task :react-native-firebase_app:mergeDebugJavaResource
> Task :react-native-firebase_messaging:extractDebugAnnotations
> Task :react-native-firebase_app:syncDebugLibJars
> Task :react-native-firebase_app:bundleDebugAar
> Task :react-native-firebase_app:assembleDebug
> Task :react-native-firebase_messaging:extractDeepLinksForAarDebug
> Task :react-native-firebase_messaging:mergeDebugGeneratedProguardFiles
> Task :react-native-firebase_messaging:mergeDebugConsumerProguardFiles
> Task :react-native-firebase_messaging:prepareDebugArtProfile
> Task :react-native-firebase_messaging:prepareLintJarForPublish UP-TO-DATE
> Task :react-native-fs:stripDebugDebugSymbols NO-SOURCE
> Task :react-native-fs:copyDebugJniLibsProjectAndLocalJars
> Task :react-native-firebase_messaging:mergeDebugJavaResource
> Task :react-native-fs:extractDebugAnnotations
> Task :react-native-firebase_messaging:syncDebugLibJars
> Task :react-native-firebase_messaging:bundleDebugAar
> Task :react-native-firebase_messaging:assembleDebug
> Task :react-native-fs:extractDeepLinksForAarDebug
> Task :react-native-fs:mergeDebugGeneratedProguardFiles
> Task :react-native-fs:mergeDebugConsumerProguardFiles
> Task :react-native-fs:prepareDebugArtProfile
> Task :react-native-fs:prepareLintJarForPublish UP-TO-DATE
> Task :react-native-safe-area-context:stripDebugDebugSymbols NO-SOURCE
> Task :react-native-safe-area-context:copyDebugJniLibsProjectAndLocalJars
> Task :react-native-fs:mergeDebugJavaResource
> Task :react-native-safe-area-context:extractDebugAnnotations
> Task :react-native-fs:syncDebugLibJars
> Task :react-native-fs:bundleDebugAar
> Task :react-native-fs:assembleDebug
> Task :react-native-safe-area-context:extractDeepLinksForAarDebug
> Task :react-native-safe-area-context:mergeDebugGeneratedProguardFiles
> Task :react-native-safe-area-context:mergeDebugConsumerProguardFiles
> Task :react-native-safe-area-context:prepareDebugArtProfile
> Task :react-native-safe-area-context:prepareLintJarForPublish UP-TO-DATE
> Task :react-native-safe-area-context:mergeDebugJavaResource
> Task :react-native-safe-area-context:syncDebugLibJars
> Task :react-native-safe-area-context:bundleDebugAar
> Task :react-native-safe-area-context:assembleDebug
> Task :react-native-screens:extractDebugAnnotations
> Task :react-native-screens:stripDebugDebugSymbols
> Task :react-native-screens:extractDeepLinksForAarDebug
> Task :react-native-screens:mergeDebugGeneratedProguardFiles
> Task :react-native-screens:mergeDebugConsumerProguardFiles
> Task :react-native-screens:copyDebugJniLibsProjectAndLocalJars
> Task :react-native-screens:prepareDebugArtProfile
> Task :react-native-screens:prepareLintJarForPublish UP-TO-DATE
> Task :react-native-screens:mergeDebugJavaResource
> Task :react-native-screens:syncDebugLibJars
> Task :react-native-screens:bundleDebugAar
> Task :react-native-screens:assembleDebug
> Task :app:mergeDebugNativeLibs
> Task :app:stripDebugDebugSymbols
> Task :app:packageDebug FAILED

[Incubating] Problems report is available at: file:///D:/BlackOS/school/SchoolApp/android/build/reports/problems/problems-report.html

Deprecated Gradle features were used in this build, making it incompatible with Gradle 10.

You can use '--warning-mode all' to show the individual deprecation warnings and determine if they come from your own scripts or plugins.

For more on this, please refer to https://docs.gradle.org/9.0.0/userguide/command_line_interface.html#sec:command_line_warnings in the Gradle documentation.
288 actionable tasks: 110 executed, 178 up-to-date

D:\BlackOS\school\SchoolApp\android>if 1 EQU 0 goto mainEnd 

D:\BlackOS\school\SchoolApp\android>rem Set variable GRADLE_EXIT_CONSOLE if you need the _script_ return code instead of 

D:\BlackOS\school\SchoolApp\android>rem the _cmd.exe /c_ return code! 

D:\BlackOS\school\SchoolApp\android>set EXIT_CODE=1 

D:\BlackOS\school\SchoolApp\android>if 1 EQU 0 set EXIT_CODE=1 

D:\BlackOS\school\SchoolApp\android>if not "" == "" exit 1 

D:\BlackOS\school\SchoolApp\android>exit /b 1 
